609 pkgs-06.txt
vidal@ws009:~/docker-examples/zipcpu/src$ docker run --rm -v $PWD/yocto/output:/home/zipcpu/yocto/output -it zipcpu:0.6 
zipcpu@bc08a8cc957a:/$

zipcpu@bc08a8cc957a:/$ cd /home/zipcpu/yocto/output/catzip-0.5
zipcpu@bc08a8cc957a:~/yocto/output/catzip-0.5$ less testenv.sh 
zipcpu@bc08a8cc957a:~/yocto/output/catzip-0.5$ . testenv.sh 
/usr/local/bin
/home/zipcpu/verilator/bin:/usr/local/shar:/zipcpu/sw/install/cross-tools/bin:/usr/local/sbin:/usr/local/bin:/usr/sbin:/usr/bin:/sbin:/bin
zipcpu@bc08a8cc957a:~/yocto/output/catzip-0.5$ cd ../catzip
zipcpu@bc08a8cc957a:~/yocto/output/catzip$ ls
auto-data     build-catzip-bin.sh  Makefile    myenv.sh   rtl             sim
build-bin.sh  doc                  mkdatev.pl  README.md  sdramtrace.png  sw
zipcpu@bc08a8cc957a:~/yocto/output/catzip$ make
Checking whether or not autofpga is installed and in your path
Checking whether or not verilator is installed and in your path
Checking whether or not zip-gcc is installed and in your path
Checking whether or not g++ is installed and in your path
tar --transform s,^,`date +%Y%m%d`-cat/, -chjf `date +%Y%m%d`-cat.tjz  `find sw -name "*.cpp"` `find sw -name "*.c"` `find sw -name "*.h"`	`find sw -name "*.sh"` `find sw -name "*.py"`	`find sw -name "*.pl"` `find sw -name "*.png"`	`find sw -name Makefile` `find rtl -name "*.v"` `find rtl -name Makefile` `find . -name "*.txt"` `find . -name "*.html"`  `find rtl -name "*.bin"` `find . -name "*.pcf"` `find auto-data -name "*.txt"` README.md
make --no-print-directory --directory=auto-data
autofpga -d -o . global.txt bkram.txt buserr.txt clockpll40.txt pic.txt pwrcount.txt version.txt hbconsole.txt gpio.txt dlyarbiter.txt zipbones.txt sdramdev.txt mem_sdram_bkram.txt sdramscope.txt
Opened autofpga.dbg
ADDING CLOCK: clk, i_clk, at 40000000 Hz
All clocks enumerated
ADDING BUS: wb (default)
Files toplevel.v and ../rtl/catzip/toplevel.v differ
Files main.v and ../rtl/catzip/main.v differ
Files regdefs.h and ../sw/host//regdefs.h differ
Files board.h and ../sw/board//board.h differ
Files board.ld and ../sw/board//board.ld differ
Copying auto-data/toplevel.v to rtl/catzip/toplevel.v
Copying auto-data/main.v to rtl/catzip/main.v
Copying auto-data/regdefs.h to sw/host/regdefs.h
Copying auto-data/board.h to sw/board/board.h
Copying auto-data/board.ld to sw/board/board.ld
Copying auto-data/rtl.make.inc to rtl/catzip/auto.mk
Copying auto-data/main_tb.cpp to sim/verilated/main_tb.cpp
Copying auto-data/testb.h to sim/verilated/testb.h
Checking whether or not yosys is installed and in your path
Checking whether or not arachne-pnr is installed and in your path
Program not found: arachne-pnr
Makefile:93: recipe for target 'check-arachnepnr' failed
make: *** [check-arachnepnr] Error 255

3 warnings, 0 errors
icepack catzip.asc catzip.bin
icetime -d hx8k -c 40 catzip.asc
// Reading input .asc file..
// Reading 8k chipdb file..
// Creating timing netlist..
// Timing estimate: 16.43 ns (60.85 MHz)
// Checking 25.00 ns (40.00 MHz) clock constraint: PASSED.

zipcpu@bc08a8cc957a:~/yocto/output/catzip/sw/host$ make
g++ -g -Wall -I. -I../../rtl/catzip -c wbregs.cpp -o obj-pc/wbregs.o
g++ -g -Wall -I. -I../../rtl/catzip -c hexbus.cpp -o obj-pc/hexbus.o
g++ -g -Wall -I. -I../../rtl/catzip -c llcomms.cpp -o obj-pc/llcomms.o
g++ -g -Wall -I. -I../../rtl/catzip -c regdefs.cpp -o obj-pc/regdefs.o
g++ -g -Wall -I. -I../../rtl/catzip -c byteswap.cpp -o obj-pc/byteswap.o
g++ -g -Wall -I. -I../../rtl/catzip obj-pc/wbregs.o obj-pc/hexbus.o obj-pc/llcomms.o obj-pc/regdefs.o obj-pc/byteswap.o  -o pc-wbregs
g++ -g -Wall -I. -I../../rtl/catzip -c sdramscope.cpp -o obj-pc/sdramscope.o
g++ -g -Wall -I. -I../../rtl/catzip -c scopecls.cpp -o obj-pc/scopecls.o
g++ -g obj-pc/sdramscope.o obj-pc/scopecls.o obj-pc/hexbus.o obj-pc/llcomms.o obj-pc/regdefs.o obj-pc/byteswap.o -o pc-sdramscope
g++ -g -Wall -I. -I../../rtl/catzip -c zipelf.cpp -o obj-pc/zipelf.o
g++ -g -Wall -I. -I../../rtl/catzip -c zipload.cpp -o obj-pc/zipload.o
zipload.cpp: In function ‘int main(int, char**)’:
zipload.cpp:280:12: warning: unused variable ‘startaddr’ [-Wunused-variable]
   unsigned startaddr = RESET_ADDRESS, codelen = 0;
            ^
zipload.cpp:280:39: warning: unused variable ‘codelen’ [-Wunused-variable]
   unsigned startaddr = RESET_ADDRESS, codelen = 0;
                                       ^
g++ -g obj-pc/hexbus.o obj-pc/llcomms.o obj-pc/regdefs.o obj-pc/byteswap.o obj-pc/zipelf.o obj-pc/zipload.o -lelf -o pc-zipload
g++ -g -Wall -I. -I../../rtl/catzip -c zipstate.cpp -o obj-pc/zipstate.o
g++ -g obj-pc/zipstate.o obj-pc/hexbus.o obj-pc/llcomms.o obj-pc/regdefs.o obj-pc/byteswap.o -o pc-zipstate
g++ -g -Wall -I. -I../../rtl/catzip -c zipdbg.cpp -o obj-pc/zipdbg.o
g++ -g -Wall -I. -I../../rtl/catzip -c zopcodes.cpp -o obj-pc/zopcodes.o
g++ -g -Wall -I. -I../../rtl/catzip -c twoc.cpp -o obj-pc/twoc.o
g++ -g obj-pc/zipdbg.o obj-pc/hexbus.o obj-pc/llcomms.o obj-pc/regdefs.o obj-pc/byteswap.o obj-pc/zopcodes.o obj-pc/twoc.o -lcurses -o pc-zipdbg
g++ -g -Wall -I. -I../../rtl/catzip -c wrsdram.cpp -o obj-pc/wrsdram.o
g++ -g obj-pc/hexbus.o obj-pc/llcomms.o obj-pc/regdefs.o obj-pc/byteswap.o obj-pc/zipelf.o obj-pc/wrsdram.o -lelf -o pc-wrsdram
g++ -g -Wall -I. -I../../rtl/catzip -c rdsdram.cpp -o obj-pc/rdsdram.o
g++ -g obj-pc/hexbus.o obj-pc/llcomms.o obj-pc/regdefs.o obj-pc/byteswap.o obj-pc/zipelf.o obj-pc/rdsdram.o -lelf -o pc-rdsdram	 
zipcpu@bc08a8cc957a:~/yocto/output/catzip/sw/host$ ls 
arch.sh           jpeg.sh        rdsdram.cpp            testscope.sh
blu.bin           llcomms.cpp    red.bin                test_sim102218.sh
blu-out.8         llcomms.h      red-out.8              ttybus.cpp
byteswap.cpp      Makefile       regdefs.cpp            ttybus.h
byteswap.h        netpport.cpp   regdefs.h              twoc.cpp
convertrgb.m      obj-pc         remoterunjpeg.sh       twoc.h
cputest_hello.sh  pc-rdsdram     rem_sim_hw_test.sh     wbregs.cpp
devbus.h          pc-sdramscope  rem_test_sim102218.sh  wr_pattern.sh
disp_rgb.m        pc-wbregs      resetbus.cpp           wrsdram.cpp
exe_wbregs.c      pc-wrsdram     rgb.m                  wr_test.sh
fpga_C.png        pc-zipdbg      rgb_pack.bin           zipdbg.cpp
fwddwt.png        pc-zipload     runjpeg.sh             zipelf.cpp
fwdtmp.png        pc-zipstate    scopecls.cpp           zipelf.h
grn.bin           port.h         scopecls.h             zipload.cpp
grn-out.8         pptest.cpp     sdramscope.cpp         zipstate.cpp
hexbus.cpp        rd_bytes.c     sim_hw_test.sh         zopcodes.cpp
hexbus.h          rd_pattern.sh  testbanks.sh           zopcodes.h

zipcpu@bc08a8cc957a:~/yocto/output/catzip/sw/host$ cd ../zlib/
zipcpu@bc08a8cc957a:~/yocto/output/catzip/sw/zlib$ make
zip-gcc -O3 -I. -I../../rtl/catzip -c udiv.c -o obj-zip/udiv.o
zip-gcc -O3 -I. -I../../rtl/catzip -c umod.c -o obj-zip/umod.o
zip-gcc -O3 -I. -I../../rtl/catzip -c syscalls.c -o obj-zip/syscalls.o
zip-gcc -O3 -I. -I../../rtl/catzip -ffreestanding -c crt0.c -o obj-zip/crt0.o
zip-ar -cru libcatzip.a obj-zip/udiv.o obj-zip/umod.o obj-zip/syscalls.o obj-zip/crt0.o

zipcpu@bc08a8cc957a:~/yocto/output/catzip/sw/zlib$ cd ../board/
zipcpu@bc08a8cc957a:~/yocto/output/catzip/sw/board$ make
Building dependency file(s)
zip-gcc -O3 -I../zlib -I../../rtl/catzip -I. -c -Wa,-nocis -fno-builtin cputest.c -o obj-zip/cputest.o
zip-gcc -O3 -I../zlib -I../../rtl/catzip -I. -T boardram.ld -fno-builtin -Wl,-Map=obj-zip/cputest.map obj-zip/cputest.o -o cputest
zip-gcc -O3 -c  hello.c -o obj-zip/hello.o
zip-gcc -O3 -I../zlib -I../../rtl/catzip -I. -Tboardram.ld -L../zlib -Wl,-Map=obj-zip/hello.map obj-zip/hello.o -lc -lcatzip -o hello
zip-gcc -O3 -I../zlib -I../../rtl/catzip -I. -c  jpeg.c -o obj-zip/jpeg.o
zip-gcc -O3 -c  lifting.c -o obj-zip/lifting.o
zip-gcc -O3 -I../zlib -I../../rtl/catzip -I. -Tboardram.ld -L../zlib obj-zip/lifting.o  -Wl,-Map=obj-zip/jpeg.map obj-zip/jpeg.o -lc -lcatzip -o jpeg -lgcc

vidal@ws009:~/docker-examples/zipcpu/src/yocto/output/catzip/rtl/catzip$ md5sum catzip.bin
dde9e4e9c51cc13630b3508891a5f9d1  catzip.bin

vidal@ws009:~/docker-examples/zipcpu/src/yocto/output/catzip/rtl/catzip$ scp catzip.bin devel@mypi3-16:~/testbuilds/catzip/rtl/catzip/

devel@mypi3-16:~/testbuilds/catzip/sw/host $ md5sum ../../rtl/catzip/catzip.bin
dde9e4e9c51cc13630b3508891a5f9d1  ../../rtl/catzip/catzip.bin

devel@mypi3-16:~/testbuilds/catzip/sw/host $ sudo config_cat ../../rtl/catzip/catzip.bin 

OK: GPIO 25 exported
OK: GPIO 17 exported
OK: GPIO 22 exported

OK: SPI driver loaded

Setting GPIO directions
out
out
in
Setting output to low
0
Reseting FPGA
0
1
Checking DONE pin
0
Continuing with configuration procedure
263+1 records in
263+1 records out
135100 bytes (135 kB, 132 KiB) copied, 0.0170863 s, 7.9 MB/s
Setting output to high
1

devel@mypi3-16:~/testbuilds/catzip/sw/host $ ./arm-netpport 
Listening on port 8363
Listening on port 8364

vidal@ws009:~/docker-examples/zipcpu/src/yocto/output/catzip/sw/host$ ./pc-wbregs -p 8363 -n mypi3-16 version
00800010 ( VERSION) : [....] 20200119

vidal@ws009:~/docker-examples/zipcpu/src/yocto/output/catzip/sw/host$ ./remoterunjpeg.sh 
00a01000 (        )-> 00000002
00a01004 (        )-> 00000001
Halting the CPU
Memory regions:
	Block RAM: 00a00000 - 00a02000
	SDRAM       : 01000000 - 02000000
Loading: ../board/jpeg
Section 0: 01000000 - 0104f1b4
Writing to MEM: 01000000-0104f1b4
Clearing the CPUs registers
Setting PC to 01000000
The CPU should be fully loaded, you may now
start it (from reset/reboot) with:
> wbregs cpu 0x0f

CPU Status is: 0000060f
PORT = 8363
HOST = mypi3-16
The size of the buffer is 0x00ffff or 65535 words

READ-COMPLETE
02000000 (        )-> 0000000f
PORT = 8363
HOST = mypi3-16

Write-COMPLETE
The size of the buffer is 0x00ffff or 65535 words

. Running CPU self-test
. -----------------------------------
. SIM Instructions                Pass
. CIS Instructions                Supported
. Break test #1                   Pass
. Break test #2                   Pass
. Break test #3                   Pass
. Early Branch test               Pass
. Trap test/AND                   Pass
. Trap test/CLR                   Pass
. Overflow test                   Pass
. Carry test                      Pass
. Loop test                       Pass
. Shift test                      Pass
. Pipeline test                   Pass
. Mem-Pipeline test               Pass
. Conditional Execution test      Pass
. No-waiting pipeline test        Pass
. Conditional Branching test      Pass
. Ill Instruction test, NULL PC   Pass
. Ill Instruction test, two       Pass
. Comparison test, ==             Pass
. Comparison test, !=             Pass
. CC Register test                Pass
. Multi-Arg test                  Pass
. Multiply test                   Pass
. Multiply HI-word test           Pass
. Divide test                     Pass
. 
. -----------------------------------
. All tests passed.  Halting CPU.
Command port disconnect
. Hello, World!
